../BSP/DS1307.c:25:9:ds1307_init	16	static
../BSP/DS1307.c:45:6:ds1307_set_current_time	24	static
../BSP/DS1307.c:70:6:ds1307_get_current_time	24	static
../BSP/DS1307.c:92:6:ds1307_set_current_date	16	static
../BSP/DS1307.c:102:6:ds1307_get_current_date	16	static
../BSP/DS1307.c:111:13:ds1307_pin_config	32	static
../BSP/DS1307.c:145:13:ds1307_i2c_config	8	static
../BSP/DS1307.c:155:13:ds1307_write	32	static
../BSP/DS1307.c:163:16:ds1307_read	32	static
../BSP/DS1307.c:173:16:binary_to_bcd	24	static
../BSP/DS1307.c:186:16:bcd_to_binary	24	static
